../Core/Src/sound_meter/svan958a.c:30:13:uart_send	16	static
../Core/Src/sound_meter/svan958a.c:35:13:uart_send_str	16	static
../Core/Src/sound_meter/svan958a.c:41:13:uart_sendf	272	static
../Core/Src/sound_meter/svan958a.c:57:24:rxBuff_count	16	static
../Core/Src/sound_meter/svan958a.c:63:19:rxBuff_get	16	static
../Core/Src/sound_meter/svan958a.c:74:20:rxBuff_put	24	static
../Core/Src/sound_meter/svan958a.c:91:6:svan_on_rx_byte	16	static
../Core/Src/sound_meter/svan958a.c:96:6:svan_init	8	static
../Core/Src/sound_meter/svan958a.c:111:17:ms_now	8	static
../Core/Src/sound_meter/svan958a.c:116:6:svan_tick_1ms	16	static
../Core/Src/sound_meter/svan958a.c:150:12:parse_float	24	static
../Core/Src/sound_meter/svan958a.c:162:12:parse_int	24	static
../Core/Src/sound_meter/svan958a.c:175:20:next_token	32	static
../Core/Src/sound_meter/svan958a.c:196:12:parse_hash2_slm	104	static
../Core/Src/sound_meter/svan958a.c:257:12:parse_hash2_vlm	104	static
../Core/Src/sound_meter/svan958a.c:311:13:dispatch_hash2_line	80	static
../Core/Src/sound_meter/svan958a.c:333:6:svan_process	16	static
../Core/Src/sound_meter/svan958a.c:365:19:p_from_ch_profile	16	static
../Core/Src/sound_meter/svan958a.c:371:6:svan_poll_slm	24	static
../Core/Src/sound_meter/svan958a.c:378:6:svan_poll_vlm	24	static
../Core/Src/sound_meter/svan958a.c:386:6:svan_config_and_start	8	static
../Core/Src/sound_meter/svan958a.c:406:28:svan_on_slm	16	static
../Core/Src/sound_meter/svan958a.c:417:28:svan_on_vlm	16	static
