Archive member included to satisfy reference by file (symbol)

C:/ST/STM32CubeIDE_1.19.0/STM32CubeIDE/plugins/com.st.stm32cube.ide.mcu.externaltools.gnu-tools-for-stm32.13.3.rel1.win32_1.0.0.202411081344/tools/bin/../lib/gcc/arm-none-eabi/13.3.1/../../../../arm-none-eabi/lib/thumb/v7-m/nofp\libc_nano.a(libc_a-exit.o)
                              C:/ST/STM32CubeIDE_1.19.0/STM32CubeIDE/plugins/com.st.stm32cube.ide.mcu.externaltools.gnu-tools-for-stm32.13.3.rel1.win32_1.0.0.202411081344/tools/bin/../lib/gcc/arm-none-eabi/13.3.1/../../../../arm-none-eabi/lib/thumb/v7-m/nofp/crt0.o (exit)
C:/ST/STM32CubeIDE_1.19.0/STM32CubeIDE/plugins/com.st.stm32cube.ide.mcu.externaltools.gnu-tools-for-stm32.13.3.rel1.win32_1.0.0.202411081344/tools/bin/../lib/gcc/arm-none-eabi/13.3.1/../../../../arm-none-eabi/lib/thumb/v7-m/nofp\libc_nano.a(libc_a-findfp.o)
                              C:/ST/STM32CubeIDE_1.19.0/STM32CubeIDE/plugins/com.st.stm32cube.ide.mcu.externaltools.gnu-tools-for-stm32.13.3.rel1.win32_1.0.0.202411081344/tools/bin/../lib/gcc/arm-none-eabi/13.3.1/../../../../arm-none-eabi/lib/thumb/v7-m/nofp\libc_nano.a(libc_a-exit.o) (__stdio_exit_handler)
C:/ST/STM32CubeIDE_1.19.0/STM32CubeIDE/plugins/com.st.stm32cube.ide.mcu.externaltools.gnu-tools-for-stm32.13.3.rel1.win32_1.0.0.202411081344/tools/bin/../lib/gcc/arm-none-eabi/13.3.1/../../../../arm-none-eabi/lib/thumb/v7-m/nofp\libc_nano.a(libc_a-fwalk.o)
                              C:/ST/STM32CubeIDE_1.19.0/STM32CubeIDE/plugins/com.st.stm32cube.ide.mcu.externaltools.gnu-tools-for-stm32.13.3.rel1.win32_1.0.0.202411081344/tools/bin/../lib/gcc/arm-none-eabi/13.3.1/../../../../arm-none-eabi/lib/thumb/v7-m/nofp\libc_nano.a(libc_a-findfp.o) (_fwalk_sglue)
C:/ST/STM32CubeIDE_1.19.0/STM32CubeIDE/plugins/com.st.stm32cube.ide.mcu.externaltools.gnu-tools-for-stm32.13.3.rel1.win32_1.0.0.202411081344/tools/bin/../lib/gcc/arm-none-eabi/13.3.1/../../../../arm-none-eabi/lib/thumb/v7-m/nofp\libc_nano.a(libc_a-stdio.o)
                              C:/ST/STM32CubeIDE_1.19.0/STM32CubeIDE/plugins/com.st.stm32cube.ide.mcu.externaltools.gnu-tools-for-stm32.13.3.rel1.win32_1.0.0.202411081344/tools/bin/../lib/gcc/arm-none-eabi/13.3.1/../../../../arm-none-eabi/lib/thumb/v7-m/nofp\libc_nano.a(libc_a-findfp.o) (__sread)
C:/ST/STM32CubeIDE_1.19.0/STM32CubeIDE/plugins/com.st.stm32cube.ide.mcu.externaltools.gnu-tools-for-stm32.13.3.rel1.win32_1.0.0.202411081344/tools/bin/../lib/gcc/arm-none-eabi/13.3.1/../../../../arm-none-eabi/lib/thumb/v7-m/nofp\libc_nano.a(libc_a-memset.o)
                              C:/ST/STM32CubeIDE_1.19.0/STM32CubeIDE/plugins/com.st.stm32cube.ide.mcu.externaltools.gnu-tools-for-stm32.13.3.rel1.win32_1.0.0.202411081344/tools/bin/../lib/gcc/arm-none-eabi/13.3.1/../../../../arm-none-eabi/lib/thumb/v7-m/nofp/crt0.o (memset)
C:/ST/STM32CubeIDE_1.19.0/STM32CubeIDE/plugins/com.st.stm32cube.ide.mcu.externaltools.gnu-tools-for-stm32.13.3.rel1.win32_1.0.0.202411081344/tools/bin/../lib/gcc/arm-none-eabi/13.3.1/../../../../arm-none-eabi/lib/thumb/v7-m/nofp\libc_nano.a(libc_a-closer.o)
                              C:/ST/STM32CubeIDE_1.19.0/STM32CubeIDE/plugins/com.st.stm32cube.ide.mcu.externaltools.gnu-tools-for-stm32.13.3.rel1.win32_1.0.0.202411081344/tools/bin/../lib/gcc/arm-none-eabi/13.3.1/../../../../arm-none-eabi/lib/thumb/v7-m/nofp\libc_nano.a(libc_a-stdio.o) (_close_r)
C:/ST/STM32CubeIDE_1.19.0/STM32CubeIDE/plugins/com.st.stm32cube.ide.mcu.externaltools.gnu-tools-for-stm32.13.3.rel1.win32_1.0.0.202411081344/tools/bin/../lib/gcc/arm-none-eabi/13.3.1/../../../../arm-none-eabi/lib/thumb/v7-m/nofp\libc_nano.a(libc_a-reent.o)
                              C:/ST/STM32CubeIDE_1.19.0/STM32CubeIDE/plugins/com.st.stm32cube.ide.mcu.externaltools.gnu-tools-for-stm32.13.3.rel1.win32_1.0.0.202411081344/tools/bin/../lib/gcc/arm-none-eabi/13.3.1/../../../../arm-none-eabi/lib/thumb/v7-m/nofp\libc_nano.a(libc_a-closer.o) (errno)
C:/ST/STM32CubeIDE_1.19.0/STM32CubeIDE/plugins/com.st.stm32cube.ide.mcu.externaltools.gnu-tools-for-stm32.13.3.rel1.win32_1.0.0.202411081344/tools/bin/../lib/gcc/arm-none-eabi/13.3.1/../../../../arm-none-eabi/lib/thumb/v7-m/nofp\libc_nano.a(libc_a-impure.o)
                              C:/ST/STM32CubeIDE_1.19.0/STM32CubeIDE/plugins/com.st.stm32cube.ide.mcu.externaltools.gnu-tools-for-stm32.13.3.rel1.win32_1.0.0.202411081344/tools/bin/../lib/gcc/arm-none-eabi/13.3.1/../../../../arm-none-eabi/lib/thumb/v7-m/nofp\libc_nano.a(libc_a-reent.o) (_impure_ptr)
C:/ST/STM32CubeIDE_1.19.0/STM32CubeIDE/plugins/com.st.stm32cube.ide.mcu.externaltools.gnu-tools-for-stm32.13.3.rel1.win32_1.0.0.202411081344/tools/bin/../lib/gcc/arm-none-eabi/13.3.1/../../../../arm-none-eabi/lib/thumb/v7-m/nofp\libc_nano.a(libc_a-lseekr.o)
[...]
Memory Configuration

Name             Origin             Length             Attributes
RAM              0x20000000         0x00005000         xrw
FLASH            0x08000000         0x00010000         xr
*default*        0x00000000         0xffffffff

Linker script and memory map

LOAD C:/ST/STM32CubeIDE_1.19.0/STM32CubeIDE/plugins/com.st.stm32cube.ide.mcu.externaltools.gnu-tools-for-stm32.13.3.rel1.win32_1.0.0.202411081344/tools/bin/../lib/gcc/arm-none-eabi/13.3.1/thumb/v7-m/nofp/crti.o
LOAD C:/ST/STM32CubeIDE_1.19.0/STM32CubeIDE/plugins/com.st.stm32cube.ide.mcu.externaltools.gnu-tools-for-stm32.13.3.rel1.win32_1.0.0.202411081344/tools/bin/../lib/gcc/arm-none-eabi/13.3.1/thumb/v7-m/nofp/crtbegin.o
LOAD C:/ST/STM32CubeIDE_1.19.0/STM32CubeIDE/plugins/com.st.stm32cube.ide.mcu.externaltools.gnu-tools-for-stm32.13.3.rel1.win32_1.0.0.202411081344/tools/bin/../lib/gcc/arm-none-eabi/13.3.1/../../../../arm-none-eabi/lib/thumb/v7-m/nofp/crt0.o
LOAD ./Core/Src/lora.o
LOAD ./Core/Src/main.o
LOAD ./Core/Src/stm32f1xx_hal_msp.o
LOAD ./Core/Src/stm32f1xx_it.o
LOAD ./Core/Src/syscalls.o
LOAD ./Core/Src/sysmem.o
LOAD ./Core/Src/system_stm32f1xx.o
LOAD ./Core/Src/oled_display/SH1106.o
LOAD ./Core/Src/oled_display/fonts.o
LOAD ./Core/Startup/startup_stm32f103c8tx.o
LOAD ./Drivers/STM32F1xx_HAL_Driver/Src/stm32f1xx_hal.o
LOAD ./Drivers/STM32F1xx_HAL_Driver/Src/stm32f1xx_hal_cortex.o
LOAD ./Drivers/STM32F1xx_HAL_Driver/Src/stm32f1xx_hal_dma.o
LOAD ./Drivers/STM32F1xx_HAL_Driver/Src/stm32f1xx_hal_exti.o
LOAD ./Drivers/STM32F1xx_HAL_Driver/Src/stm32f1xx_hal_flash.o
LOAD ./Drivers/STM32F1xx_HAL_Driver/Src/stm32f1xx_hal_flash_ex.o
LOAD ./Drivers/STM32F1xx_HAL_Driver/Src/stm32f1xx_hal_gpio.o
LOAD ./Drivers/STM32F1xx_HAL_Driver/Src/stm32f1xx_hal_gpio_ex.o
LOAD ./Drivers/STM32F1xx_HAL_Driver/Src/stm32f1xx_hal_i2c.o
LOAD ./Drivers/STM32F1xx_HAL_Driver/Src/stm32f1xx_hal_pwr.o
LOAD ./Drivers/STM32F1xx_HAL_Driver/Src/stm32f1xx_hal_rcc.o
LOAD ./Drivers/STM32F1xx_HAL_Driver/Src/stm32f1xx_hal_rcc_ex.o
LOAD ./Drivers/STM32F1xx_HAL_Driver/Src/stm32f1xx_hal_uart.o
START GROUP
LOAD C:/ST/STM32CubeIDE_1.19.0/STM32CubeIDE/plugins/com.st.stm32cube.ide.mcu.externaltools.gnu-tools-for-stm32.13.3.rel1.win32_1.0.0.202411081344/tools/bin/../lib/gcc/arm-none-eabi/13.3.1/../../../../arm-none-eabi/lib/thumb/v7-m/nofp\libc_nano.a
LOAD C:/ST/STM32CubeIDE_1.19.0/STM32CubeIDE/plugins/com.st.stm32cube.ide.mcu.externaltools.gnu-tools-for-stm32.13.3.rel1.win32_1.0.0.202411081344/tools/bin/../lib/gcc/arm-none-eabi/13.3.1/../../../../arm-none-eabi/lib/thumb/v7-m/nofp\libm.a
END GROUP
START GROUP
LOAD C:/ST/STM32CubeIDE_1.19.0/STM32CubeIDE/plugins/com.st.stm32cube.ide.mcu.externaltools.gnu-tools-for-stm32.13.3.rel1.win32_1.0.0.202411081344/tools/bin/../lib/gcc/arm-none-eabi/13.3.1/thumb/v7-m/nofp\libgcc.a
LOAD C:/ST/STM32CubeIDE_1.19.0/STM32CubeIDE/plugins/com.st.stm32cube.ide.mcu.externaltools.gnu-tools-for-stm32.13.3.rel1.win32_1.0.0.202411081344/tools/bin/../lib/gcc/arm-none-eabi/13.3.1/../../../../arm-none-eabi/lib/thumb/v7-m/nofp\libc_nano.a
END GROUP
START GROUP
LOAD C:/ST/STM32CubeIDE_1.19.0/STM32CubeIDE/plugins/com.st.stm32cube.ide.mcu.externaltools.gnu-tools-for-stm32.13.3.rel1.win32_1.0.0.202411081344/tools/bin/../lib/gcc/arm-none-eabi/13.3.1/thumb/v7-m/nofp\libgcc.a
LOAD C:/ST/STM32CubeIDE_1.19.0/STM32CubeIDE/plugins/com.st.stm32cube.ide.mcu.externaltools.gnu-tools-for-stm32.13.3.rel1.win32_1.0.0.202411081344/tools/bin/../lib/gcc/arm-none-eabi/13.3.1/../../../../arm-none-eabi/lib/thumb/v7-m/nofp\libc_nano.a
LOAD C:/ST/STM32CubeIDE_1.19.0/STM32CubeIDE/plugins/com.st.stm32cube.ide.mcu.externaltools.gnu-tools-for-stm32.13.3.rel1.win32_1.0.0.202411081344/tools/bin/../lib/gcc/arm-none-eabi/13.3.1/../../../../arm-none-eabi/lib/thumb/v7-m/nofp\libnosys.a
END GROUP
START GROUP
LOAD C:/ST/STM32CubeIDE_1.19.0/STM32CubeIDE/plugins/com.st.stm32cube.ide.mcu.externaltools.gnu-tools-for-stm32.13.3.rel1.win32_1.0.0.202411081344/tools/bin/../lib/gcc/arm-none-eabi/13.3.1/thumb/v7-m/nofp\libgcc.a
LOAD C:/ST/STM32CubeIDE_1.19.0/STM32CubeIDE/plugins/com.st.stm32cube.ide.mcu.externaltools.gnu-tools-for-stm32.13.3.rel1.win32_1.0.0.202411081344/tools/bin/../lib/gcc/arm-none-eabi/13.3.1/../../../../arm-none-eabi/lib/thumb/v7-m/nofp\libc_nano.a
LOAD C:/ST/STM32CubeIDE_1.19.0/STM32CubeIDE/plugins/com.st.stm32cube.ide.mcu.externaltools.gnu-tools-for-stm32.13.3.rel1.win32_1.0.0.202411081344/tools/bin/../lib/gcc/arm-none-eabi/13.3.1/../../../../arm-none-eabi/lib/thumb/v7-m/nofp\libnosys.a
END GROUP
LOAD C:/ST/STM32CubeIDE_1.19.0/STM32CubeIDE/plugins/com.st.stm32cube.ide.mcu.externaltools.gnu-tools-for-stm32.13.3.rel1.win32_1.0.0.202411081344/tools/bin/../lib/gcc/arm-none-eabi/13.3.1/thumb/v7-m/nofp/crtend.o
LOAD C:/ST/STM32CubeIDE_1.19.0/STM32CubeIDE/plugins/com.st.stm32cube.ide.mcu.externaltools.gnu-tools-for-stm32.13.3.rel1.win32_1.0.0.202411081344/tools/bin/../lib/gcc/arm-none-eabi/13.3.1/thumb/v7-m/nofp/crtn.o
                0x20005000                        _estack = (ORIGIN (RAM) + LENGTH (RAM))
                0x00000200                        _Min_Heap_Size = 0x200
                0x00000400                        _Min_Stack_Size = 0x400

.isr_vector     0x08000000      0x10c
                0x08000000                        . = ALIGN (0x4)
 *(.isr_vector)
 .isr_vector    0x08000000      0x10c ./Core/Startup/startup_stm32f103c8tx.o
                0x08000000                g_pfnVectors
                0x0800010c                        . = ALIGN (0x4)

.text           0x0800010c     0x3518
                0x0800010c                        . = ALIGN (0x4)
 *(.text)
 .text          0x0800010c       0x40 C:/ST/STM32CubeIDE_1.19.0/STM32CubeIDE/plugins/com.st.stm32cube.ide.mcu.externaltools.gnu-tools-for-stm32.13.3.rel1.win32_1.0.0.202411081344/tools/bin/../lib/gcc/arm-none-eabi/13.3.1/thumb/v7-m/nofp/crtbegin.o
 .text          0x0800014c       0x10 C:/ST/STM32CubeIDE_1.19.0/STM32CubeIDE/plugins/com.st.stm32cube.ide.mcu.externaltools.gnu-tools-for-stm32.13.3.rel1.win32_1.0.0.202411081344/tools/bin/../lib/gcc/arm-none-eabi/13.3.1/../../../../arm-none-eabi/lib/thumb/v7-m/nofp\libc_nano.a(libc_a-strlen.o)
                0x0800014c                strlen
 *(.text*)
 .text.lora_cfg_io
                0x0800015c       0xac ./Core/Src/lora.o
                0x0800015c                lora_cfg_io
 .text.lora_cfg_mode
                0x08000208       0xa0 ./Core/Src/lora.o
                0x08000208                lora_cfg_mode
 .text.lora_write_register
                0x080002a8       0x90 ./Core/Src/lora.o
                0x080002a8                lora_write_register
 .text.lora_send
                0x08000338       0x2c ./Core/Src/lora.o
                0x08000338                lora_send
 .text.HAL_UART_RxCpltCallback
                0x08000364       0x84 ./Core/Src/main.o
                0x08000364                HAL_UART_RxCpltCallback
 .text.HAL_UART_TxCpltCallback
                0x080003e8       0x12 ./Core/Src/main.o
                0x080003e8                HAL_UART_TxCpltCallback
 *fill*         0x080003fa        0x2 
 .text.main     0x080003fc      0x100 ./Core/Src/main.o
                0x080003fc                main
 .text.SystemClock_Config
                0x080004fc       0x8a ./Core/Src/main.o
                0x080004fc                SystemClock_Config
 *fill*         0x08000586        0x2 
 .text.MX_I2C1_Init
                0x08000588       0x5c ./Core/Src/main.o
 .text.MX_USART1_UART_Init
                0x080005e4       0x54 ./Core/Src/main.o
 .text.MX_GPIO_Init
                0x08000638       0xdc ./Core/Src/main.o
 .text.Error_Handler
                0x08000714        0xc ./Core/Src/main.o
                0x08000714                Error_Handler
 .text.HAL_MspInit
                0x08000720       0x64 ./Core/Src/stm32f1xx_hal_msp.o
                0x08000720                HAL_MspInit
 .text.HAL_I2C_MspInit
                0x08000784       0x7c ./Core/Src/stm32f1xx_hal_msp.o
                0x08000784                HAL_I2C_MspInit
 .text.HAL_UART_MspInit
                0x08000800       0xa8 ./Core/Src/stm32f1xx_hal_msp.o
                0x08000800                HAL_UART_MspInit
 .text.NMI_Handler
                0x080008a8        0x8 ./Core/Src/stm32f1xx_it.o
                0x080008a8                NMI_Handler
 .text.HardFault_Handler
                0x080008b0        0x8 ./Core/Src/stm32f1xx_it.o
                0x080008b0                HardFault_Handler
 .text.MemManage_Handler
                0x080008b8        0x8 ./Core/Src/stm32f1xx_it.o
                0x080008b8                MemManage_Handler
 .text.BusFault_Handler
                0x080008c0        0x8 ./Core/Src/stm32f1xx_it.o
                0x080008c0                BusFault_Handler
 .text.UsageFault_Handler
                0x080008c8        0x8 ./Core/Src/stm32f1xx_it.o
                0x080008c8                UsageFault_Handler
 .text.SVC_Handler
                0x080008d0        0xc ./Core/Src/stm32f1xx_it.o
                0x080008d0                SVC_Handler
 .text.DebugMon_Handler
                0x080008dc        0xc ./Core/Src/stm32f1xx_it.o
                0x080008dc                DebugMon_Handler
 .text.PendSV_Handler
                0x080008e8        0xc ./Core/Src/stm32f1xx_it.o
                0x080008e8                PendSV_Handler
 .text.SysTick_Handler
                0x080008f4        0xc ./Core/Src/stm32f1xx_it.o
                0x080008f4                SysTick_Handler
 .text.USART1_IRQHandler
                0x08000900       0x14 ./Core/Src/stm32f1xx_it.o
                0x08000900                USART1_IRQHandler
 .text.SystemInit
                0x08000914        0xc ./Core/Src/system_stm32f1xx.o
                0x08000914                SystemInit
 .text.SH1106_Init
                0x08000920      0x148 ./Core/Src/oled_display/SH1106.o
                0x08000920                SH1106_Init
 .text.SH1106_UpdateScreen
                0x08000a68       0x5c ./Core/Src/oled_display/SH1106.o
                0x08000a68                SH1106_UpdateScreen
 .text.SH1106_Fill
                0x08000ac4       0x30 ./Core/Src/oled_display/SH1106.o
                0x08000ac4                SH1106_Fill
 .text.SH1106_DrawPixel
                0x08000af4       0xbc ./Core/Src/oled_display/SH1106.o
                0x08000af4                SH1106_DrawPixel
 .text.SH1106_GotoXY
                0x08000bb0       0x2c ./Core/Src/oled_display/SH1106.o
                0x08000bb0                SH1106_GotoXY
 .text.SH1106_Putc
                0x08000bdc       0xfc ./Core/Src/oled_display/SH1106.o
                0x08000bdc                SH1106_Putc
 .text.SH1106_Puts
                0x08000cd8       0x4a ./Core/Src/oled_display/SH1106.o
                0x08000cd8                SH1106_Puts
 .text.SH1106_Clear
                0x08000d22       0x12 ./Core/Src/oled_display/SH1106.o
                0x08000d22                SH1106_Clear
 .text.SH1106_I2C_WriteMulti
                0x08000d34       0xcc ./Core/Src/oled_display/SH1106.o
                0x08000d34                SH1106_I2C_WriteMulti
 .text.SH1106_I2C_Write
                0x08000e00       0x3c ./Core/Src/oled_display/SH1106.o
                0x08000e00                SH1106_I2C_Write
 .text.Reset_Handler
                0x08000e3c       0x48 ./Core/Startup/startup_stm32f103c8tx.o
                0x08000e3c                Reset_Handler
 .text.Default_Handler
                0x08000e84        0x2 ./Core/Startup/startup_stm32f103c8tx.o
                0x08000e84                RTC_Alarm_IRQHandler
                0x08000e84                EXTI2_IRQHandler
                0x08000e84                TIM1_CC_IRQHandler
                0x08000e84                PVD_IRQHandler
                0x08000e84                EXTI3_IRQHandler
                0x08000e84                EXTI0_IRQHandler
                0x08000e84                I2C2_EV_IRQHandler
                0x08000e84                ADC1_2_IRQHandler
                0x08000e84                SPI1_IRQHandler
                0x08000e84                TAMPER_IRQHandler
                0x08000e84                DMA1_Channel4_IRQHandler
                0x08000e84                USART3_IRQHandler
                0x08000e84                RTC_IRQHandler
                0x08000e84                DMA1_Channel7_IRQHandler
                0x08000e84                CAN1_RX1_IRQHandler
                0x08000e84                TIM4_IRQHandler
                0x08000e84                I2C1_EV_IRQHandler
                0x08000e84                DMA1_Channel6_IRQHandler
                0x08000e84                TIM3_IRQHandler
                0x08000e84                RCC_IRQHandler
                0x08000e84                TIM1_TRG_COM_IRQHandler
                0x08000e84                DMA1_Channel1_IRQHandler
                0x08000e84                Default_Handler
                0x08000e84                EXTI15_10_IRQHandler
                0x08000e84                EXTI9_5_IRQHandler
                0x08000e84                SPI2_IRQHandler
                0x08000e84                DMA1_Channel5_IRQHandler
                0x08000e84                EXTI4_IRQHandler
                0x08000e84                USB_LP_CAN1_RX0_IRQHandler
                0x08000e84                USB_HP_CAN1_TX_IRQHandler
                0x08000e84                DMA1_Channel3_IRQHandler
                0x08000e84                TIM1_UP_IRQHandler
                0x08000e84                WWDG_IRQHandler
                0x08000e84                TIM2_IRQHandler
                0x08000e84                TIM1_BRK_IRQHandler
                0x08000e84                EXTI1_IRQHandler
                0x08000e84                USART2_IRQHandler
                0x08000e84                I2C2_ER_IRQHandler
                0x08000e84                DMA1_Channel2_IRQHandler
                0x08000e84                CAN1_SCE_IRQHandler
                0x08000e84                FLASH_IRQHandler
                0x08000e84                I2C1_ER_IRQHandler
                0x08000e84                USBWakeUp_IRQHandler
 *fill*         0x08000e86        0x2 
 .text.HAL_Init
                0x08000e88       0x2c ./Drivers/STM32F1xx_HAL_Driver/Src/stm32f1xx_hal.o
                0x08000e88                HAL_Init
 .text.HAL_InitTick
                0x08000eb4       0x60 ./Drivers/STM32F1xx_HAL_Driver/Src/stm32f1xx_hal.o
                0x08000eb4                HAL_InitTick
 .text.HAL_IncTick
                0x08000f14       0x24 ./Drivers/STM32F1xx_HAL_Driver/Src/stm32f1xx_hal.o
                0x08000f14                HAL_IncTick
 .text.HAL_GetTick
                0x08000f38       0x14 ./Drivers/STM32F1xx_HAL_Driver/Src/stm32f1xx_hal.o
                0x08000f38                HAL_GetTick
 .text.HAL_Delay
                0x08000f4c       0x48 ./Drivers/STM32F1xx_HAL_Driver/Src/stm32f1xx_hal.o
                0x08000f4c                HAL_Delay
 .text.__NVIC_SetPriorityGrouping
                0x08000f94       0x48 ./Drivers/STM32F1xx_HAL_Driver/Src/stm32f1xx_hal_cortex.o
 .text.__NVIC_GetPriorityGrouping
                0x08000fdc       0x1c ./Drivers/STM32F1xx_HAL_Driver/Src/stm32f1xx_hal_cortex.o
 .text.__NVIC_EnableIRQ
                0x08000ff8       0x38 ./Drivers/STM32F1xx_HAL_Driver/Src/stm32f1xx_hal_cortex.o
 .text.__NVIC_SetPriority
                0x08001030       0x54 ./Drivers/STM32F1xx_HAL_Driver/Src/stm32f1xx_hal_cortex.o
 .text.NVIC_EncodePriority
                0x08001084       0x64 ./Drivers/STM32F1xx_HAL_Driver/Src/stm32f1xx_hal_cortex.o
 .text.SysTick_Config
                0x080010e8       0x44 ./Drivers/STM32F1xx_HAL_Driver/Src/stm32f1xx_hal_cortex.o
 .text.HAL_NVIC_SetPriorityGrouping
                0x0800112c       0x16 ./Drivers/STM32F1xx_HAL_Driver/Src/stm32f1xx_hal_cortex.o
                0x0800112c                HAL_NVIC_SetPriorityGrouping
 .text.HAL_NVIC_SetPriority
                0x08001142       0x38 ./Drivers/STM32F1xx_HAL_Driver/Src/stm32f1xx_hal_cortex.o
                0x08001142                HAL_NVIC_SetPriority
 .text.HAL_NVIC_EnableIRQ
                0x0800117a       0x1c ./Drivers/STM32F1xx_HAL_Driver/Src/stm32f1xx_hal_cortex.o
                0x0800117a                HAL_NVIC_EnableIRQ
 .text.HAL_SYSTICK_Config
                0x08001196       0x18 ./Drivers/STM32F1xx_HAL_Driver/Src/stm32f1xx_hal_cortex.o
                0x08001196                HAL_SYSTICK_Config
 .text.HAL_DMA_Abort
                0x080011ae       0x76 ./Drivers/STM32F1xx_HAL_Driver/Src/stm32f1xx_hal_dma.o
                0x080011ae                HAL_DMA_Abort
 .text.HAL_DMA_Abort_IT
                0x08001224       0xf0 ./Drivers/STM32F1xx_HAL_Driver/Src/stm32f1xx_hal_dma.o
                0x08001224                HAL_DMA_Abort_IT
 .text.HAL_GPIO_Init
                0x08001314      0x308 ./Drivers/STM32F1xx_HAL_Driver/Src/stm32f1xx_hal_gpio.o
                0x08001314                HAL_GPIO_Init
 .text.HAL_GPIO_WritePin
                0x0800161c       0x30 ./Drivers/STM32F1xx_HAL_Driver/Src/stm32f1xx_hal_gpio.o
                0x0800161c                HAL_GPIO_WritePin
 .text.HAL_GPIO_TogglePin
                0x0800164c       0x32 ./Drivers/STM32F1xx_HAL_Driver/Src/stm32f1xx_hal_gpio.o
                0x0800164c                HAL_GPIO_TogglePin
 *fill*         0x0800167e        0x2 
 .text.HAL_I2C_Init
                0x08001680      0x288 ./Drivers/STM32F1xx_HAL_Driver/Src/stm32f1xx_hal_i2c.o
                0x08001680                HAL_I2C_Init
 .text.HAL_I2C_Master_Transmit
                0x08001908      0x1fc ./Drivers/STM32F1xx_HAL_Driver/Src/stm32f1xx_hal_i2c.o
                0x08001908                HAL_I2C_Master_Transmit
 .text.HAL_I2C_IsDeviceReady
                0x08001b04      0x25c ./Drivers/STM32F1xx_HAL_Driver/Src/stm32f1xx_hal_i2c.o
                0x08001b04                HAL_I2C_IsDeviceReady
 .text.I2C_MasterRequestWrite
                0x08001d60      0x104 ./Drivers/STM32F1xx_HAL_Driver/Src/stm32f1xx_hal_i2c.o
 .text.I2C_WaitOnFlagUntilTimeout
                0x08001e64       0xf4 ./Drivers/STM32F1xx_HAL_Driver/Src/stm32f1xx_hal_i2c.o
 .text.I2C_WaitOnMasterAddressFlagUntilTimeout
                0x08001f58      0x140 ./Drivers/STM32F1xx_HAL_Driver/Src/stm32f1xx_hal_i2c.o
 .text.I2C_WaitOnTXEFlagUntilTimeout
                0x08002098       0x90 ./Drivers/STM32F1xx_HAL_Driver/Src/stm32f1xx_hal_i2c.o
 .text.I2C_WaitOnBTFFlagUntilTimeout
                0x08002128       0x90 ./Drivers/STM32F1xx_HAL_Driver/Src/stm32f1xx_hal_i2c.o
 .text.I2C_IsAcknowledgeFailed
                0x080021b8       0x5c ./Drivers/STM32F1xx_HAL_Driver/Src/stm32f1xx_hal_i2c.o
 .text.HAL_RCC_OscConfig
                0x08002214      0x504 ./Drivers/STM32F1xx_HAL_Driver/Src/stm32f1xx_hal_rcc.o
                0x08002214                HAL_RCC_OscConfig
 .text.HAL_RCC_ClockConfig
                0x08002718      0x1d4 ./Drivers/STM32F1xx_HAL_Driver/Src/stm32f1xx_hal_rcc.o
                0x08002718                HAL_RCC_ClockConfig
 .text.HAL_RCC_GetSysClockFreq
                0x080028ec       0xa8 ./Drivers/STM32F1xx_HAL_Driver/Src/stm32f1xx_hal_rcc.o
                0x080028ec                HAL_RCC_GetSysClockFreq
 .text.HAL_RCC_GetHCLKFreq
                0x08002994       0x14 ./Drivers/STM32F1xx_HAL_Driver/Src/stm32f1xx_hal_rcc.o
                0x08002994                HAL_RCC_GetHCLKFreq
 .text.HAL_RCC_GetPCLK1Freq
                0x080029a8       0x28 ./Drivers/STM32F1xx_HAL_Driver/Src/stm32f1xx_hal_rcc.o
                0x080029a8                HAL_RCC_GetPCLK1Freq
 .text.HAL_RCC_GetPCLK2Freq
                0x080029d0       0x28 ./Drivers/STM32F1xx_HAL_Driver/Src/stm32f1xx_hal_rcc.o
                0x080029d0                HAL_RCC_GetPCLK2Freq
 .text.RCC_Delay
                0x080029f8       0x3c ./Drivers/STM32F1xx_HAL_Driver/Src/stm32f1xx_hal_rcc.o
 .text.HAL_UART_Init
                0x08002a34       0xa0 ./Drivers/STM32F1xx_HAL_Driver/Src/stm32f1xx_hal_uart.o
                0x08002a34                HAL_UART_Init
 .text.HAL_UART_Transmit_IT
                0x08002ad4       0x6a ./Drivers/STM32F1xx_HAL_Driver/Src/stm32f1xx_hal_uart.o
                0x08002ad4                HAL_UART_Transmit_IT
 .text.HAL_UART_Receive_IT
                0x08002b3e       0x4a ./Drivers/STM32F1xx_HAL_Driver/Src/stm32f1xx_hal_uart.o
                0x08002b3e                HAL_UART_Receive_IT
 .text.HAL_UART_IRQHandler
                0x08002b88      0x524 ./Drivers/STM32F1xx_HAL_Driver/Src/stm32f1xx_hal_uart.o
                0x08002b88                HAL_UART_IRQHandler
 .text.HAL_UART_ErrorCallback
                0x080030ac       0x12 ./Drivers/STM32F1xx_HAL_Driver/Src/stm32f1xx_hal_uart.o
                0x080030ac                HAL_UART_ErrorCallback
 .text.HAL_UARTEx_RxEventCallback
                0x080030be       0x16 ./Drivers/STM32F1xx_HAL_Driver/Src/stm32f1xx_hal_uart.o
                0x080030be                HAL_UARTEx_RxEventCallback
 .text.UART_Start_Receive_IT
                0x080030d4       0x72 ./Drivers/STM32F1xx_HAL_Driver/Src/stm32f1xx_hal_uart.o
                0x080030d4                UART_Start_Receive_IT
 .text.UART_EndRxTransfer
                0x08003146       0xc4 ./Drivers/STM32F1xx_HAL_Driver/Src/stm32f1xx_hal_uart.o
 .text.UART_DMAAbortOnError
                0x0800320a       0x28 ./Drivers/STM32F1xx_HAL_Driver/Src/stm32f1xx_hal_uart.o
 .text.UART_Transmit_IT
                0x08003232       0x9e ./Drivers/STM32F1xx_HAL_Driver/Src/stm32f1xx_hal_uart.o
 .text.UART_EndTransmit_IT
                0x080032d0       0x30 ./Drivers/STM32F1xx_HAL_Driver/Src/stm32f1xx_hal_uart.o
 .text.UART_Receive_IT
                0x08003300      0x17c ./Drivers/STM32F1xx_HAL_Driver/Src/stm32f1xx_hal_uart.o
 .text.UART_SetConfig
                0x0800347c      0x11c ./Drivers/STM32F1xx_HAL_Driver/Src/stm32f1xx_hal_uart.o
 .text.memset   0x08003598       0x10 C:/ST/STM32CubeIDE_1.19.0/STM32CubeIDE/plugins/com.st.stm32cube.ide.mcu.externaltools.gnu-tools-for-stm32.13.3.rel1.win32_1.0.0.202411081344/tools/bin/../lib/gcc/arm-none-eabi/13.3.1/../../../../arm-none-eabi/lib/thumb/v7-m/nofp\libc_nano.a(libc_a-memset.o)
                0x08003598                memset
 .text.__libc_init_array
                0x080035a8       0x48 C:/ST/STM32CubeIDE_1.19.0/STM32CubeIDE/plugins/com.st.stm32cube.ide.mcu.externaltools.gnu-tools-for-stm32.13.3.rel1.win32_1.0.0.202411081344/tools/bin/../lib/gcc/arm-none-eabi/13.3.1/../../../../arm-none-eabi/lib/thumb/v7-m/nofp\libc_nano.a(libc_a-init.o)
                0x080035a8                __libc_init_array
 .text.memcpy   0x080035f0       0x1c C:/ST/STM32CubeIDE_1.19.0/STM32CubeIDE/plugins/com.st.stm32cube.ide.mcu.externaltools.gnu-tools-for-stm32.13.3.rel1.win32_1.0.0.202411081344/tools/bin/../lib/gcc/arm-none-eabi/13.3.1/../../../../arm-none-eabi/lib/thumb/v7-m/nofp\libc_nano.a(libc_a-memcpy-stub.o)
                0x080035f0                memcpy
 *(.glue_7)
 .glue_7        0x0800360c        0x0 linker stubs
 *(.glue_7t)
 .glue_7t       0x0800360c        0x0 linker stubs
 *(.eh_frame)
 .eh_frame      0x0800360c        0x0 C:/ST/STM32CubeIDE_1.19.0/STM32CubeIDE/plugins/com.st.stm32cube.ide.mcu.externaltools.gnu-tools-for-stm32.13.3.rel1.win32_1.0.0.202411081344/tools/bin/../lib/gcc/arm-none-eabi/13.3.1/thumb/v7-m/nofp/crtbegin.o
 *(.init)
 .init          0x0800360c        0x4 C:/ST/STM32CubeIDE_1.19.0/STM32CubeIDE/plugins/com.st.stm32cube.ide.mcu.externaltools.gnu-tools-for-stm32.13.3.rel1.win32_1.0.0.202411081344/tools/bin/../lib/gcc/arm-none-eabi/13.3.1/thumb/v7-m/nofp/crti.o
                0x0800360c                _init
 .init          0x08003610        0x8 C:/ST/STM32CubeIDE_1.19.0/STM32CubeIDE/plugins/com.st.stm32cube.ide.mcu.externaltools.gnu-tools-for-stm32.13.3.rel1.win32_1.0.0.202411081344/tools/bin/../lib/gcc/arm-none-eabi/13.3.1/thumb/v7-m/nofp/crtn.o
 *(.fini)
 .fini          0x08003618        0x4 C:/ST/STM32CubeIDE_1.19.0/STM32CubeIDE/plugins/com.st.stm32cube.ide.mcu.externaltools.gnu-tools-for-stm32.13.3.rel1.win32_1.0.0.202411081344/tools/bin/../lib/gcc/arm-none-eabi/13.3.1/thumb/v7-m/nofp/crti.o
                0x08003618                _fini
 .fini          0x0800361c        0x8 C:/ST/STM32CubeIDE_1.19.0/STM32CubeIDE/plugins/com.st.stm32cube.ide.mcu.externaltools.gnu-tools-for-stm32.13.3.rel1.win32_1.0.0.202411081344/tools/bin/../lib/gcc/arm-none-eabi/13.3.1/thumb/v7-m/nofp/crtn.o
                0x08003624                        . = ALIGN (0x4)
                0x08003624                        _etext = .

.vfp11_veneer   0x08003624        0x0
 .vfp11_veneer  0x08003624        0x0 linker stubs

.v4_bx          0x08003624        0x0
 .v4_bx         0x08003624        0x0 linker stubs

.iplt           0x08003624        0x0
 .iplt          0x08003624        0x0 C:/ST/STM32CubeIDE_1.19.0/STM32CubeIDE/plugins/com.st.stm32cube.ide.mcu.externaltools.gnu-tools-for-stm32.13.3.rel1.win32_1.0.0.202411081344/tools/bin/../lib/gcc/arm-none-eabi/13.3.1/thumb/v7-m/nofp/crtbegin.o

.rodata         0x08003624     0x151c
                0x08003624                        . = ALIGN (0x4)
 *(.rodata)
 .rodata        0x08003624       0x28 ./Core/Src/main.o
 *(.rodata*)
 .rodata.AHBPrescTable
                0x0800364c       0x10 ./Core/Src/system_stm32f1xx.o
                0x0800364c                AHBPrescTable
 .rodata.APBPrescTable
                0x0800365c        0x8 ./Core/Src/system_stm32f1xx.o
                0x0800365c                APBPrescTable
 .rodata.Font7x10
                0x08003664      0x76c ./Core/Src/oled_display/fonts.o
                0x08003664                Font7x10
 .rodata.Font11x18
                0x08003dd0      0xd5c ./Core/Src/oled_display/fonts.o
                0x08003dd0                Font11x18
 .rodata.aPLLMULFactorTable.1
                0x08004b2c       0x10 ./Drivers/STM32F1xx_HAL_Driver/Src/stm32f1xx_hal_rcc.o
 .rodata.aPredivFactorTable.0
                0x08004b3c        0x2 ./Drivers/STM32F1xx_HAL_Driver/Src/stm32f1xx_hal_rcc.o
                0x08004b40                        . = ALIGN (0x4)
 *fill*         0x08004b3e        0x2 

.ARM.extab      0x08004b40        0x0
                0x08004b40                        . = ALIGN (0x4)
 *(.ARM.extab* .gnu.linkonce.armextab.*)
                0x08004b40                        . = ALIGN (0x4)

.ARM            0x08004b40        0x8
                0x08004b40                        . = ALIGN (0x4)
                0x08004b40                        __exidx_start = .
 *(.ARM.exidx*)
 .ARM.exidx     0x08004b40        0x8 C:/ST/STM32CubeIDE_1.19.0/STM32CubeIDE/plugins/com.st.stm32cube.ide.mcu.externaltools.gnu-tools-for-stm32.13.3.rel1.win32_1.0.0.202411081344/tools/bin/../lib/gcc/arm-none-eabi/13.3.1/../../../../arm-none-eabi/lib/thumb/v7-m/nofp\libc_nano.a(libc_a-strlen.o)
                0x08004b48                        __exidx_end = .
                0x08004b48                        . = ALIGN (0x4)

.preinit_array  0x08004b48        0x0
                0x08004b48                        . = ALIGN (0x4)
                0x08004b48                        PROVIDE (__preinit_array_start = .)
 *(.preinit_array*)
                0x08004b48                        PROVIDE (__preinit_array_end = .)
                0x08004b48                        . = ALIGN (0x4)

.init_array     0x08004b48        0x4
                0x08004b48                        . = ALIGN (0x4)
                0x08004b48                        PROVIDE (__init_array_start = .)
 *(SORT_BY_NAME(.init_array.*))
 *(.init_array*)
 .init_array    0x08004b48        0x4 C:/ST/STM32CubeIDE_1.19.0/STM32CubeIDE/plugins/com.st.stm32cube.ide.mcu.externaltools.gnu-tools-for-stm32.13.3.rel1.win32_1.0.0.202411081344/tools/bin/../lib/gcc/arm-none-eabi/13.3.1/thumb/v7-m/nofp/crtbegin.o
                0x08004b4c                        PROVIDE (__init_array_end = .)
                0x08004b4c                        . = ALIGN (0x4)

.fini_array     0x08004b4c        0x4
                0x08004b4c                        . = ALIGN (0x4)
                [!provide]                        PROVIDE (__fini_array_start = .)
 *(SORT_BY_NAME(.fini_array.*))
 *(.fini_array*)
 .fini_array    0x08004b4c        0x4 C:/ST/STM32CubeIDE_1.19.0/STM32CubeIDE/plugins/com.st.stm32cube.ide.mcu.externaltools.gnu-tools-for-stm32.13.3.rel1.win32_1.0.0.202411081344/tools/bin/../lib/gcc/arm-none-eabi/13.3.1/thumb/v7-m/nofp/crtbegin.o
                [!provide]                        PROVIDE (__fini_array_end = .)
                0x08004b50                        . = ALIGN (0x4)
                0x08004b50                        _sidata = LOADADDR (.data)

.rel.dyn        0x08004b50        0x0
 .rel.iplt      0x08004b50        0x0 C:/ST/STM32CubeIDE_1.19.0/STM32CubeIDE/plugins/com.st.stm32cube.ide.mcu.externaltools.gnu-tools-for-stm32.13.3.rel1.win32_1.0.0.202411081344/tools/bin/../lib/gcc/arm-none-eabi/13.3.1/thumb/v7-m/nofp/crtbegin.o

.data           0x20000000       0x40 load address 0x08004b50
                0x20000000                        . = ALIGN (0x4)
                0x20000000                        _sdata = .
 *(.data)
 *(.data*)
 .data.transparent_mode
                0x20000000        0x9 ./Core/Src/lora.o
                0x20000000                transparent_mode
 *fill*         0x20000009        0x3 
 .data.wor_mode
                0x2000000c        0x9 ./Core/Src/lora.o
                0x2000000c                wor_mode
 *fill*         0x20000015        0x3 
 .data.relay_mode
                0x20000018        0x9 ./Core/Src/lora.o
                0x20000018                relay_mode
 .data.init_cplt_flag
                0x20000021        0x1 ./Core/Src/main.o
                0x20000021                init_cplt_flag
 .data.packet_ready
                0x20000022        0x1 ./Core/Src/main.o
                0x20000022                packet_ready
 *fill*         0x20000023        0x1 
 .data.SystemCoreClock
                0x20000024        0x4 ./Core/Src/system_stm32f1xx.o
                0x20000024                SystemCoreClock
 .data.Font_7x10
                0x20000028        0x8 ./Core/Src/oled_display/fonts.o
                0x20000028                Font_7x10
 .data.Font_11x18
                0x20000030        0x8 ./Core/Src/oled_display/fonts.o
                0x20000030                Font_11x18
 .data.uwTickPrio
                0x20000038        0x4 ./Drivers/STM32F1xx_HAL_Driver/Src/stm32f1xx_hal.o
                0x20000038                uwTickPrio
 .data.uwTickFreq
                0x2000003c        0x1 ./Drivers/STM32F1xx_HAL_Driver/Src/stm32f1xx_hal.o
                0x2000003c                uwTickFreq
 *(.RamFunc)
 *(.RamFunc*)
                0x20000040                        . = ALIGN (0x4)
 *fill*         0x2000003d        0x3 
                0x20000040                        _edata = .

.igot.plt       0x20000040        0x0 load address 0x08004b90
 .igot.plt      0x20000040        0x0 C:/ST/STM32CubeIDE_1.19.0/STM32CubeIDE/plugins/com.st.stm32cube.ide.mcu.externaltools.gnu-tools-for-stm32.13.3.rel1.win32_1.0.0.202411081344/tools/bin/../lib/gcc/arm-none-eabi/13.3.1/thumb/v7-m/nofp/crtbegin.o
                0x20000040                        . = ALIGN (0x4)

.bss            0x20000040      0x5d4 load address 0x08004b90
                0x20000040                        _sbss = .
                0x20000040                        __bss_start__ = _sbss
 *(.bss)
 .bss           0x20000040       0x1c C:/ST/STM32CubeIDE_1.19.0/STM32CubeIDE/plugins/com.st.stm32cube.ide.mcu.externaltools.gnu-tools-for-stm32.13.3.rel1.win32_1.0.0.202411081344/tools/bin/../lib/gcc/arm-none-eabi/13.3.1/thumb/v7-m/nofp/crtbegin.o
 *(.bss*)
 .bss.hi2c1     0x2000005c       0x54 ./Core/Src/main.o
                0x2000005c                hi2c1
 .bss.huart1    0x200000b0       0x48 ./Core/Src/main.o
                0x200000b0                huart1
 .bss.rx_buff   0x200000f8        0x1 ./Core/Src/main.o
                0x200000f8                rx_buff
 .bss.rx_count  0x200000f9        0x1 ./Core/Src/main.o
                0x200000f9                rx_count
 *fill*         0x200000fa        0x2 
 .bss.buffer    0x200000fc       0xf0 ./Core/Src/main.o
                0x200000fc                buffer
 .bss.txBuff    0x200001ec       0x19 ./Core/Src/main.o
                0x200001ec                txBuff
 *fill*         0x20000205        0x3 
 .bss.SH1106_Buffer
                0x20000208      0x400 ./Core/Src/oled_display/SH1106.o
 .bss.SH1106    0x20000608        0x6 ./Core/Src/oled_display/SH1106.o
 *fill*         0x2000060e        0x2 
 .bss.uwTick    0x20000610        0x4 ./Drivers/STM32F1xx_HAL_Driver/Src/stm32f1xx_hal.o
                0x20000610                uwTick
 *(COMMON)
                0x20000614                        . = ALIGN (0x4)
                0x20000614                        _ebss = .
                0x20000614                        __bss_end__ = _ebss

._user_heap_stack
                0x20000614      0x604 load address 0x08004b90
                0x20000618                        . = ALIGN (0x8)
 *fill*         0x20000614        0x4 
                [!provide]                        PROVIDE (end = .)
                0x20000618                        PROVIDE (_end = .)
                0x20000818                        . = (. + _Min_Heap_Size)
 *fill*         0x20000618      0x200 
                0x20000c18                        . = (. + _Min_Stack_Size)
 *fill*         0x20000818      0x400 
                0x20000c18                        . = ALIGN (0x8)

/DISCARD/
 libc.a(*)
 libm.a(*)
 libgcc.a(*)

.ARM.attributes
                0x00000000       0x29
 *(.ARM.attributes)
 .ARM.attributes
                0x00000000       0x1d C:/ST/STM32CubeIDE_1.19.0/STM32CubeIDE/plugins/com.st.stm32cube.ide.mcu.externaltools.gnu-tools-for-stm32.13.3.rel1.win32_1.0.0.202411081344/tools/bin/../lib/gcc/arm-none-eabi/13.3.1/thumb/v7-m/nofp/crti.o
 .ARM.attributes
                0x0000001d       0x2d C:/ST/STM32CubeIDE_1.19.0/STM32CubeIDE/plugins/com.st.stm32cube.ide.mcu.externaltools.gnu-tools-for-stm32.13.3.rel1.win32_1.0.0.202411081344/tools/bin/../lib/gcc/arm-none-eabi/13.3.1/thumb/v7-m/nofp/crtbegin.o
 .ARM.attributes
                0x0000004a       0x2d ./Core/Src/lora.o
 .ARM.attributes
                0x00000077       0x2d ./Core/Src/main.o
 .ARM.attributes
                0x000000a4       0x2d ./Core/Src/stm32f1xx_hal_msp.o
 .ARM.attributes
                0x000000d1       0x2d ./Core/Src/stm32f1xx_it.o
 .ARM.attributes
                0x000000fe       0x2d ./Core/Src/system_stm32f1xx.o
 .ARM.attributes
                0x0000012b       0x2d ./Core/Src/oled_display/SH1106.o
 .ARM.attributes
                0x00000158       0x2d ./Core/Src/oled_display/fonts.o
 .ARM.attributes
                0x00000185       0x21 ./Core/Startup/startup_stm32f103c8tx.o
 .ARM.attributes
                0x000001a6       0x2d ./Drivers/STM32F1xx_HAL_Driver/Src/stm32f1xx_hal.o
 .ARM.attributes
                0x000001d3       0x2d ./Drivers/STM32F1xx_HAL_Driver/Src/stm32f1xx_hal_cortex.o
 .ARM.attributes
                0x00000200       0x2d ./Drivers/STM32F1xx_HAL_Driver/Src/stm32f1xx_hal_dma.o
 .ARM.attributes
                0x0000022d       0x2d ./Drivers/STM32F1xx_HAL_Driver/Src/stm32f1xx_hal_gpio.o
 .ARM.attributes
                0x0000025a       0x2d ./Drivers/STM32F1xx_HAL_Driver/Src/stm32f1xx_hal_i2c.o
 .ARM.attributes
                0x00000287       0x2d ./Drivers/STM32F1xx_HAL_Driver/Src/stm32f1xx_hal_rcc.o
 .ARM.attributes
                0x000002b4       0x2d ./Drivers/STM32F1xx_HAL_Driver/Src/stm32f1xx_hal_uart.o
 .ARM.attributes
                0x000002e1       0x2d C:/ST/STM32CubeIDE_1.19.0/STM32CubeIDE/plugins/com.st.stm32cube.ide.mcu.externaltools.gnu-tools-for-stm32.13.3.rel1.win32_1.0.0.202411081344/tools/bin/../lib/gcc/arm-none-eabi/13.3.1/../../../../arm-none-eabi/lib/thumb/v7-m/nofp\libc_nano.a(libc_a-memset.o)
 .ARM.attributes
                0x0000030e       0x2d C:/ST/STM32CubeIDE_1.19.0/STM32CubeIDE/plugins/com.st.stm32cube.ide.mcu.externaltools.gnu-tools-for-stm32.13.3.rel1.win32_1.0.0.202411081344/tools/bin/../lib/gcc/arm-none-eabi/13.3.1/../../../../arm-none-eabi/lib/thumb/v7-m/nofp\libc_nano.a(libc_a-init.o)
 .ARM.attributes
                0x0000033b       0x2d C:/ST/STM32CubeIDE_1.19.0/STM32CubeIDE/plugins/com.st.stm32cube.ide.mcu.externaltools.gnu-tools-for-stm32.13.3.rel1.win32_1.0.0.202411081344/tools/bin/../lib/gcc/arm-none-eabi/13.3.1/../../../../arm-none-eabi/lib/thumb/v7-m/nofp\libc_nano.a(libc_a-memcpy-stub.o)
 .ARM.attributes
                0x00000368       0x17 C:/ST/STM32CubeIDE_1.19.0/STM32CubeIDE/plugins/com.st.stm32cube.ide.mcu.externaltools.gnu-tools-for-stm32.13.3.rel1.win32_1.0.0.202411081344/tools/bin/../lib/gcc/arm-none-eabi/13.3.1/../../../../arm-none-eabi/lib/thumb/v7-m/nofp\libc_nano.a(libc_a-strlen.o)
 .ARM.attributes
                0x0000037f       0x1d C:/ST/STM32CubeIDE_1.19.0/STM32CubeIDE/plugins/com.st.stm32cube.ide.mcu.externaltools.gnu-tools-for-stm32.13.3.rel1.win32_1.0.0.202411081344/tools/bin/../lib/gcc/arm-none-eabi/13.3.1/thumb/v7-m/nofp/crtn.o
OUTPUT(SoundMeter_LoRa.elf elf32-littlearm)
LOAD linker stubs
LOAD C:/ST/STM32CubeIDE_1.19.0/STM32CubeIDE/plugins/com.st.stm32cube.ide.mcu.externaltools.gnu-tools-for-stm32.13.3.rel1.win32_1.0.0.202411081344/tools/bin/../lib/gcc/arm-none-eabi/13.3.1/../../../../arm-none-eabi/lib/thumb/v7-m/nofp\libc.a
LOAD C:/ST/STM32CubeIDE_1.19.0/STM32CubeIDE/plugins/com.st.stm32cube.ide.mcu.externaltools.gnu-tools-for-stm32.13.3.rel1.win32_1.0.0.202411081344/tools/bin/../lib/gcc/arm-none-eabi/13.3.1/../../../../arm-none-eabi/lib/thumb/v7-m/nofp\libm.a
LOAD C:/ST/STM32CubeIDE_1.19.0/STM32CubeIDE/plugins/com.st.stm32cube.ide.mcu.externaltools.gnu-tools-for-stm32.13.3.rel1.win32_1.0.0.202411081344/tools/bin/../lib/gcc/arm-none-eabi/13.3.1/thumb/v7-m/nofp\libgcc.a

.debug_info     0x00000000     0xb878
 .debug_info    0x00000000      0x889 ./Core/Src/lora.o
 .debug_info    0x00000889      0xfb7 ./Core/Src/main.o
 .debug_info    0x00001840      0xca2 ./Core/Src/stm32f1xx_hal_msp.o
 .debug_info    0x000024e2      0x5eb ./Core/Src/stm32f1xx_it.o
 .debug_info    0x00002acd      0x222 ./Core/Src/system_stm32f1xx.o
 .debug_info    0x00002cef      0xf16 ./Core/Src/oled_display/SH1106.o
 .debug_info    0x00003c05      0x255 ./Core/Src/oled_display/fonts.o
 .debug_info    0x00003e5a       0x30 ./Core/Startup/startup_stm32f103c8tx.o
 .debug_info    0x00003e8a      0x704 ./Drivers/STM32F1xx_HAL_Driver/Src/stm32f1xx_hal.o
 .debug_info    0x0000458e      0xa87 ./Drivers/STM32F1xx_HAL_Driver/Src/stm32f1xx_hal_cortex.o
 .debug_info    0x00005015      0x6d2 ./Drivers/STM32F1xx_HAL_Driver/Src/stm32f1xx_hal_dma.o
 .debug_info    0x000056e7      0x5ab ./Drivers/STM32F1xx_HAL_Driver/Src/stm32f1xx_hal_gpio.o
 .debug_info    0x00005c92     0x2524 ./Drivers/STM32F1xx_HAL_Driver/Src/stm32f1xx_hal_i2c.o
 .debug_info    0x000081b6      0x7d5 ./Drivers/STM32F1xx_HAL_Driver/Src/stm32f1xx_hal_rcc.o
 .debug_info    0x0000898b     0x2eed ./Drivers/STM32F1xx_HAL_Driver/Src/stm32f1xx_hal_uart.o

.debug_abbrev   0x00000000     0x1ea0
 .debug_abbrev  0x00000000      0x1f2 ./Core/Src/lora.o
 .debug_abbrev  0x000001f2      0x32e ./Core/Src/main.o
 .debug_abbrev  0x00000520      0x1ca ./Core/Src/stm32f1xx_hal_msp.o
 .debug_abbrev  0x000006ea      0x176 ./Core/Src/stm32f1xx_it.o
 .debug_abbrev  0x00000860      0x13f ./Core/Src/system_stm32f1xx.o
 .debug_abbrev  0x0000099f      0x2a5 ./Core/Src/oled_display/SH1106.o
 .debug_abbrev  0x00000c44      0x11c ./Core/Src/oled_display/fonts.o
 .debug_abbrev  0x00000d60       0x24 ./Core/Startup/startup_stm32f103c8tx.o
 .debug_abbrev  0x00000d84      0x201 ./Drivers/STM32F1xx_HAL_Driver/Src/stm32f1xx_hal.o
 .debug_abbrev  0x00000f85      0x2f8 ./Drivers/STM32F1xx_HAL_Driver/Src/stm32f1xx_hal_cortex.o
 .debug_abbrev  0x0000127d      0x20b ./Drivers/STM32F1xx_HAL_Driver/Src/stm32f1xx_hal_dma.o
 .debug_abbrev  0x00001488      0x1ca ./Drivers/STM32F1xx_HAL_Driver/Src/stm32f1xx_hal_gpio.o
 .debug_abbrev  0x00001652      0x2a3 ./Drivers/STM32F1xx_HAL_Driver/Src/stm32f1xx_hal_i2c.o
 .debug_abbrev  0x000018f5      0x2b3 ./Drivers/STM32F1xx_HAL_Driver/Src/stm32f1xx_hal_rcc.o
 .debug_abbrev  0x00001ba8      0x2f8 ./Drivers/STM32F1xx_HAL_Driver/Src/stm32f1xx_hal_uart.o

.debug_aranges  0x00000000      0xa68
 .debug_aranges
                0x00000000       0x38 ./Core/Src/lora.o
 .debug_aranges
                0x00000038       0x58 ./Core/Src/main.o
 .debug_aranges
                0x00000090       0x40 ./Core/Src/stm32f1xx_hal_msp.o
 .debug_aranges
                0x000000d0       0x68 ./Core/Src/stm32f1xx_it.o
 .debug_aranges
                0x00000138       0x28 ./Core/Src/system_stm32f1xx.o
 .debug_aranges
                0x00000160       0xc8 ./Core/Src/oled_display/SH1106.o
 .debug_aranges
                0x00000228       0x20 ./Core/Src/oled_display/fonts.o
 .debug_aranges
                0x00000248       0x28 ./Core/Startup/startup_stm32f103c8tx.o
 .debug_aranges
                0x00000270       0xe0 ./Drivers/STM32F1xx_HAL_Driver/Src/stm32f1xx_hal.o
 .debug_aranges
                0x00000350      0x100 ./Drivers/STM32F1xx_HAL_Driver/Src/stm32f1xx_hal_cortex.o
 .debug_aranges
                0x00000450       0x80 ./Drivers/STM32F1xx_HAL_Driver/Src/stm32f1xx_hal_dma.o
 .debug_aranges
                0x000004d0       0x58 ./Drivers/STM32F1xx_HAL_Driver/Src/stm32f1xx_hal_gpio.o
 .debug_aranges
                0x00000528      0x2a8 ./Drivers/STM32F1xx_HAL_Driver/Src/stm32f1xx_hal_i2c.o
 .debug_aranges
                0x000007d0       0x90 ./Drivers/STM32F1xx_HAL_Driver/Src/stm32f1xx_hal_rcc.o
 .debug_aranges
                0x00000860      0x208 ./Drivers/STM32F1xx_HAL_Driver/Src/stm32f1xx_hal_uart.o

.debug_rnglists
                0x00000000      0x825
 .debug_rnglists
                0x00000000       0x28 ./Core/Src/lora.o
 .debug_rnglists
                0x00000028       0x41 ./Core/Src/main.o
 .debug_rnglists
                0x00000069       0x2c ./Core/Src/stm32f1xx_hal_msp.o
 .debug_rnglists
                0x00000095       0x49 ./Core/Src/stm32f1xx_it.o
 .debug_rnglists
                0x000000de       0x1a ./Core/Src/system_stm32f1xx.o
 .debug_rnglists
                0x000000f8       0x9c ./Core/Src/oled_display/SH1106.o
 .debug_rnglists
                0x00000194       0x13 ./Core/Src/oled_display/fonts.o
 .debug_rnglists
                0x000001a7       0x19 ./Core/Startup/startup_stm32f103c8tx.o
 .debug_rnglists
                0x000001c0       0xa3 ./Drivers/STM32F1xx_HAL_Driver/Src/stm32f1xx_hal.o
 .debug_rnglists
                0x00000263       0xbb ./Drivers/STM32F1xx_HAL_Driver/Src/stm32f1xx_hal_cortex.o
 .debug_rnglists
                0x0000031e       0x64 ./Drivers/STM32F1xx_HAL_Driver/Src/stm32f1xx_hal_dma.o
 .debug_rnglists
                0x00000382       0x3f ./Drivers/STM32F1xx_HAL_Driver/Src/stm32f1xx_hal_gpio.o
 .debug_rnglists
                0x000003c1      0x23c ./Drivers/STM32F1xx_HAL_Driver/Src/stm32f1xx_hal_i2c.o
 .debug_rnglists
                0x000005fd       0x6c ./Drivers/STM32F1xx_HAL_Driver/Src/stm32f1xx_hal_rcc.o
 .debug_rnglists
                0x00000669      0x1bc ./Drivers/STM32F1xx_HAL_Driver/Src/stm32f1xx_hal_uart.o

.debug_macro    0x00000000    0x177d3
 .debug_macro   0x00000000      0x284 ./Core/Src/lora.o
 .debug_macro   0x00000284      0xacc ./Core/Src/lora.o
 .debug_macro   0x00000d50       0x22 ./Core/Src/lora.o
 .debug_macro   0x00000d72       0x8e ./Core/Src/lora.o
 .debug_macro   0x00000e00       0x51 ./Core/Src/lora.o
 .debug_macro   0x00000e51      0x103 ./Core/Src/lora.o
 .debug_macro   0x00000f54       0x6a ./Core/Src/lora.o
 .debug_macro   0x00000fbe      0x1df ./Core/Src/lora.o
 .debug_macro   0x0000119d       0x61 ./Core/Src/lora.o
 .debug_macro   0x000011fe       0x24 ./Core/Src/lora.o
 .debug_macro   0x00001222       0x43 ./Core/Src/lora.o
 .debug_macro   0x00001265       0x34 ./Core/Src/lora.o
 .debug_macro   0x00001299      0x190 ./Core/Src/lora.o
 .debug_macro   0x00001429      0x370 ./Core/Src/lora.o
 .debug_macro   0x00001799       0x16 ./Core/Src/lora.o
 .debug_macro   0x000017af       0x4a ./Core/Src/lora.o
 .debug_macro   0x000017f9       0x34 ./Core/Src/lora.o
 .debug_macro   0x0000182d       0x10 ./Core/Src/lora.o
 .debug_macro   0x0000183d       0x58 ./Core/Src/lora.o
 .debug_macro   0x00001895       0x8e ./Core/Src/lora.o
 .debug_macro   0x00001923       0x1c ./Core/Src/lora.o
 .debug_macro   0x0000193f      0x185 ./Core/Src/lora.o
 .debug_macro   0x00001ac4       0x10 ./Core/Src/lora.o
 .debug_macro   0x00001ad4       0x3c ./Core/Src/lora.o
 .debug_macro   0x00001b10       0x20 ./Core/Src/lora.o
 .debug_macro   0x00001b30      0x21b ./Core/Src/lora.o
 .debug_macro   0x00001d4b       0x2e ./Core/Src/lora.o
 .debug_macro   0x00001d79       0x22 ./Core/Src/lora.o
 .debug_macro   0x00001d9b       0x1c ./Core/Src/lora.o
 .debug_macro   0x00001db7       0x22 ./Core/Src/lora.o
 .debug_macro   0x00001dd9       0xbd ./Core/Src/lora.o
 .debug_macro   0x00001e96      0xd23 ./Core/Src/lora.o
 .debug_macro   0x00002bb9     0xe09e ./Core/Src/lora.o
 .debug_macro   0x00010c57       0x6d ./Core/Src/lora.o
 .debug_macro   0x00010cc4     0x34a2 ./Core/Src/lora.o
 .debug_macro   0x00014166       0x56 ./Core/Src/lora.o
 .debug_macro   0x000141bc      0x5bc ./Core/Src/lora.o
 .debug_macro   0x00014778      0x289 ./Core/Src/lora.o
 .debug_macro   0x00014a01      0x1cb ./Core/Src/lora.o
 .debug_macro   0x00014bcc      0x114 ./Core/Src/lora.o
 .debug_macro   0x00014ce0      0x1b2 ./Core/Src/lora.o
 .debug_macro   0x00014e92       0x27 ./Core/Src/lora.o
 .debug_macro   0x00014eb9      0x136 ./Core/Src/lora.o
 .debug_macro   0x00014fef      0x1bc ./Core/Src/lora.o
 .debug_macro   0x000151ab       0x34 ./Core/Src/lora.o
 .debug_macro   0x000151df       0x3c ./Core/Src/lora.o
 .debug_macro   0x0001521b       0x57 ./Core/Src/lora.o
 .debug_macro   0x00015272       0x87 ./Core/Src/lora.o
 .debug_macro   0x000152f9      0x240 ./Core/Src/lora.o
 .debug_macro   0x00015539      0x287 ./Core/Src/lora.o
 .debug_macro   0x000157c0      0x140 ./Core/Src/lora.o
 .debug_macro   0x00015900      0x28e ./Core/Src/lora.o
 .debug_macro   0x00015b8e       0x83 ./Core/Src/lora.o
 .debug_macro   0x00015c11       0x28 ./Core/Src/lora.o
 .debug_macro   0x00015c39      0x15a ./Core/Src/lora.o
 .debug_macro   0x00015d93      0x2f2 ./Core/Src/main.o
 .debug_macro   0x00016085       0x5c ./Core/Src/main.o
 .debug_macro   0x000160e1       0x22 ./Core/Src/main.o
 .debug_macro   0x00016103       0x16 ./Core/Src/main.o
 .debug_macro   0x00016119       0x16 ./Core/Src/main.o
 .debug_macro   0x0001612f       0x29 ./Core/Src/main.o
 .debug_macro   0x00016158       0x1d ./Core/Src/main.o
 .debug_macro   0x00016175      0x1a7 ./Core/Src/stm32f1xx_hal_msp.o
 .debug_macro   0x0001631c      0x1b1 ./Core/Src/stm32f1xx_it.o
 .debug_macro   0x000164cd      0x198 ./Core/Src/system_stm32f1xx.o
 .debug_macro   0x00016665      0x2e6 ./Core/Src/oled_display/SH1106.o
 .debug_macro   0x0001694b      0x270 ./Core/Src/oled_display/fonts.o
 .debug_macro   0x00016bbb      0x1bc ./Drivers/STM32F1xx_HAL_Driver/Src/stm32f1xx_hal.o
 .debug_macro   0x00016d77      0x198 ./Drivers/STM32F1xx_HAL_Driver/Src/stm32f1xx_hal_cortex.o
 .debug_macro   0x00016f0f      0x198 ./Drivers/STM32F1xx_HAL_Driver/Src/stm32f1xx_hal_dma.o
 .debug_macro   0x000170a7      0x203 ./Drivers/STM32F1xx_HAL_Driver/Src/stm32f1xx_hal_gpio.o
 .debug_macro   0x000172aa      0x1e6 ./Drivers/STM32F1xx_HAL_Driver/Src/stm32f1xx_hal_i2c.o
 .debug_macro   0x00017490      0x1aa ./Drivers/STM32F1xx_HAL_Driver/Src/stm32f1xx_hal_rcc.o
 .debug_macro   0x0001763a      0x199 ./Drivers/STM32F1xx_HAL_Driver/Src/stm32f1xx_hal_uart.o

.debug_line     0x00000000     0xdd8c
 .debug_line    0x00000000      0x942 ./Core/Src/lora.o
 .debug_line    0x00000942      0xaa8 ./Core/Src/main.o
 .debug_line    0x000013ea      0x783 ./Core/Src/stm32f1xx_hal_msp.o
 .debug_line    0x00001b6d      0x7a9 ./Core/Src/stm32f1xx_it.o
 .debug_line    0x00002316      0x761 ./Core/Src/system_stm32f1xx.o
 .debug_line    0x00002a77      0xf28 ./Core/Src/oled_display/SH1106.o
 .debug_line    0x0000399f      0x874 ./Core/Src/oled_display/fonts.o
 .debug_line    0x00004213       0x78 ./Core/Startup/startup_stm32f103c8tx.o
 .debug_line    0x0000428b      0x992 ./Drivers/STM32F1xx_HAL_Driver/Src/stm32f1xx_hal.o
 .debug_line    0x00004c1d      0xb5c ./Drivers/STM32F1xx_HAL_Driver/Src/stm32f1xx_hal_cortex.o
 .debug_line    0x00005779      0xd9c ./Drivers/STM32F1xx_HAL_Driver/Src/stm32f1xx_hal_dma.o
 .debug_line    0x00006515      0x9ef ./Drivers/STM32F1xx_HAL_Driver/Src/stm32f1xx_hal_gpio.o
 .debug_line    0x00006f04     0x3b8f ./Drivers/STM32F1xx_HAL_Driver/Src/stm32f1xx_hal_i2c.o
 .debug_line    0x0000aa93      0xe4b ./Drivers/STM32F1xx_HAL_Driver/Src/stm32f1xx_hal_rcc.o
 .debug_line    0x0000b8de     0x24ae ./Drivers/STM32F1xx_HAL_Driver/Src/stm32f1xx_hal_uart.o

.debug_str      0x00000000    0x84bfa
 .debug_str     0x00000000    0x84bfa ./Core/Src/lora.o
                              0x82120 (size before relaxing)
 .debug_str     0x00084bfa    0x827e8 ./Core/Src/main.o
 .debug_str     0x00084bfa    0x7edc2 ./Core/Src/stm32f1xx_hal_msp.o
 .debug_str     0x00084bfa    0x7e7da ./Core/Src/stm32f1xx_it.o
 .debug_str     0x00084bfa    0x7e341 ./Core/Src/system_stm32f1xx.o
 .debug_str     0x00084bfa    0x81ed6 ./Core/Src/oled_display/SH1106.o
 .debug_str     0x00084bfa    0x8153d ./Core/Src/oled_display/fonts.o
 .debug_str     0x00084bfa       0x85 ./Core/Startup/startup_stm32f103c8tx.o
 .debug_str     0x00084bfa    0x7ea74 ./Drivers/STM32F1xx_HAL_Driver/Src/stm32f1xx_hal.o
 .debug_str     0x00084bfa    0x7e9c0 ./Drivers/STM32F1xx_HAL_Driver/Src/stm32f1xx_hal_cortex.o
 .debug_str     0x00084bfa    0x7e6ea ./Drivers/STM32F1xx_HAL_Driver/Src/stm32f1xx_hal_dma.o
 .debug_str     0x00084bfa    0x7e6c7 ./Drivers/STM32F1xx_HAL_Driver/Src/stm32f1xx_hal_gpio.o
 .debug_str     0x00084bfa    0x7f408 ./Drivers/STM32F1xx_HAL_Driver/Src/stm32f1xx_hal_i2c.o
 .debug_str     0x00084bfa    0x7e770 ./Drivers/STM32F1xx_HAL_Driver/Src/stm32f1xx_hal_rcc.o
 .debug_str     0x00084bfa    0x7ede1 ./Drivers/STM32F1xx_HAL_Driver/Src/stm32f1xx_hal_uart.o

.comment        0x00000000       0x43
 .comment       0x00000000       0x43 ./Core/Src/lora.o
                                 0x44 (size before relaxing)
 .comment       0x00000043       0x44 ./Core/Src/main.o
 .comment       0x00000043       0x44 ./Core/Src/stm32f1xx_hal_msp.o
 .comment       0x00000043       0x44 ./Core/Src/stm32f1xx_it.o
 .comment       0x00000043       0x44 ./Core/Src/system_stm32f1xx.o
 .comment       0x00000043       0x44 ./Core/Src/oled_display/SH1106.o
 .comment       0x00000043       0x44 ./Core/Src/oled_display/fonts.o
 .comment       0x00000043       0x44 ./Drivers/STM32F1xx_HAL_Driver/Src/stm32f1xx_hal.o
 .comment       0x00000043       0x44 ./Drivers/STM32F1xx_HAL_Driver/Src/stm32f1xx_hal_cortex.o
 .comment       0x00000043       0x44 ./Drivers/STM32F1xx_HAL_Driver/Src/stm32f1xx_hal_dma.o
 .comment       0x00000043       0x44 ./Drivers/STM32F1xx_HAL_Driver/Src/stm32f1xx_hal_gpio.o
 .comment       0x00000043       0x44 ./Drivers/STM32F1xx_HAL_Driver/Src/stm32f1xx_hal_i2c.o
 .comment       0x00000043       0x44 ./Drivers/STM32F1xx_HAL_Driver/Src/stm32f1xx_hal_rcc.o
 .comment       0x00000043       0x44 ./Drivers/STM32F1xx_HAL_Driver/Src/stm32f1xx_hal_uart.o

.debug_frame    0x00000000     0x2a74
 .debug_frame   0x00000000       0xa0 ./Core/Src/lora.o
 .debug_frame   0x000000a0      0x118 ./Core/Src/main.o
 .debug_frame   0x000001b8       0xc8 ./Core/Src/stm32f1xx_hal_msp.o
 .debug_frame   0x00000280      0x120 ./Core/Src/stm32f1xx_it.o
 .debug_frame   0x000003a0       0x58 ./Core/Src/system_stm32f1xx.o
 .debug_frame   0x000003f8      0x340 ./Core/Src/oled_display/SH1106.o
 .debug_frame   0x00000738       0x38 ./Core/Src/oled_display/fonts.o
 .debug_frame   0x00000770      0x334 ./Drivers/STM32F1xx_HAL_Driver/Src/stm32f1xx_hal.o
 .debug_frame   0x00000aa4      0x428 ./Drivers/STM32F1xx_HAL_Driver/Src/stm32f1xx_hal_cortex.o
 .debug_frame   0x00000ecc      0x208 ./Drivers/STM32F1xx_HAL_Driver/Src/stm32f1xx_hal_dma.o
 .debug_frame   0x000010d4      0x14c ./Drivers/STM32F1xx_HAL_Driver/Src/stm32f1xx_hal_gpio.o
 .debug_frame   0x00001220      0xc84 ./Drivers/STM32F1xx_HAL_Driver/Src/stm32f1xx_hal_i2c.o
 .debug_frame   0x00001ea4      0x218 ./Drivers/STM32F1xx_HAL_Driver/Src/stm32f1xx_hal_rcc.o
 .debug_frame   0x000020bc      0x944 ./Drivers/STM32F1xx_HAL_Driver/Src/stm32f1xx_hal_uart.o
 .debug_frame   0x00002a00       0x20 C:/ST/STM32CubeIDE_1.19.0/STM32CubeIDE/plugins/com.st.stm32cube.ide.mcu.externaltools.gnu-tools-for-stm32.13.3.rel1.win32_1.0.0.202411081344/tools/bin/../lib/gcc/arm-none-eabi/13.3.1/../../../../arm-none-eabi/lib/thumb/v7-m/nofp\libc_nano.a(libc_a-memset.o)
 .debug_frame   0x00002a20       0x2c C:/ST/STM32CubeIDE_1.19.0/STM32CubeIDE/plugins/com.st.stm32cube.ide.mcu.externaltools.gnu-tools-for-stm32.13.3.rel1.win32_1.0.0.202411081344/tools/bin/../lib/gcc/arm-none-eabi/13.3.1/../../../../arm-none-eabi/lib/thumb/v7-m/nofp\libc_nano.a(libc_a-init.o)
 .debug_frame   0x00002a4c       0x28 C:/ST/STM32CubeIDE_1.19.0/STM32CubeIDE/plugins/com.st.stm32cube.ide.mcu.externaltools.gnu-tools-for-stm32.13.3.rel1.win32_1.0.0.202411081344/tools/bin/../lib/gcc/arm-none-eabi/13.3.1/../../../../arm-none-eabi/lib/thumb/v7-m/nofp\libc_nano.a(libc_a-memcpy-stub.o)

.debug_line_str
                0x00000000       0x69
 .debug_line_str
                0x00000000       0x69 ./Core/Startup/startup_stm32f103c8tx.o
